// Jest Snapshot v1, https://goo.gl/fbAQLP

exports[`할일 목록을 확인할 수 있다. 1`] = `
<ol>
  <li>
    일 하는척 하면서 쇼핑하기
    <button
      type="button"
    >
      <span>
        완료
      </span>
    </button>
  </li>
  <li>
    주식 보기
    <button
      type="button"
    >
      <span>
        완료
      </span>
    </button>
  </li>
  <li>
    뭐라도 하기
    <button
      type="button"
    >
      <span>
        완료
      </span>
    </button>
  </li>
</ol>
`;
